// Jest Snapshot v1, https://goo.gl/fbAQLP

exports[`Pruebas sobre el componente <HookApp /> debe de hacer snapshot del componente 1`] = `
<div>
  <h1>
    Hola Mundo
  </h1>
</div>
`;
