// Jest Snapshot v1, https://goo.gl/fbAQLP

exports[`Pruebas sobre <AppRouter /> debe mostrarse correctamente 1`] = `<AppRouter />`;
