// Jest Snapshot v1, https://goo.gl/fbAQLP

exports[`Pruebas en <HomeScreen /> debe mostrar el componente  1`] = `<HomeScreen />`;
