// Jest Snapshot v1, https://goo.gl/fbAQLP

exports[`Pruebas sobre <LoginScreen /> debe mostrarse correctamente  1`] = `<LoginScreen />`;
